
> farmer-marketplace-client@1.0.0 build
> vite build

[36mvite v5.4.21 [32mbuilding for production...[36m[39m
transforming...
[32mΓ£ô[39m 2713 modules transformed.
node.exe : [31mx[39m 
Build failed in 5.01s
At line:1 char:1
+ & "C:\Program 
Files/node.exe" "C:\Users\
mayur\AppData\Roaming\npm/
nod ...
+ ~~~~~~~~~~~~~~~~~~~~~~~~
~~~~~~~~~~~~~~~~~~~~~~~~~~
~~~~~~~~~~~~~~~~~~~
    + CategoryInfo        
      : NotSpecified: (  
  [31mx[39m Build fail   
 ed in 5.01s:String) [    
], RemoteException
    + FullyQualifiedError 
   Id : NativeCommandErr  
  or
 
[31merror during build:
[31msrc/pages/farmer/Orde
rs.jsx (48:9): 
"DownloadAnimation" is 
not exported by "src/compo
nents/animated-download.js
x", imported by "src/pages
/farmer/Orders.jsx".[31m
file: [36mC:/Users/mayur/
tushar/Project/farmer-mark
etplace/client/src/pages/f
armer/Orders.jsx:48:9[31m
[33m
46: } from 
'@/components/ui/table'
47: import { Textarea } 
from 
'@/components/ui/textarea'
48: import { 
DownloadAnimation } from '
@/components/animated-down
load'
             ^
49: import orderService 
from 
'@/services/order.service'
50: import { formatPrice, 
formatDate, cn } from 
'@/lib/utils'
[31m
    at getRollupError (fil
e:///C:/Users/mayur/tushar
/Project/farmer-marketplac
e/client/node_modules/roll
up/dist/es/shared/parseAst
.js:402:41)
    at error (file:///C:/U
sers/mayur/tushar/Project/
farmer-marketplace/client/
node_modules/rollup/dist/e
s/shared/parseAst.js:398:4
2)
    at Module.error (file:
///C:/Users/mayur/tushar/P
roject/farmer-marketplace/
client/node_modules/rollup
/dist/es/shared/node-entry
.js:17040:16)
    at 
Module.traceVariable (file
:///C:/Users/mayur/tushar/
Project/farmer-marketplace
/client/node_modules/rollu
p/dist/es/shared/node-entr
y.js:17452:29)
    at 
ModuleScope.findVariable (
file:///C:/Users/mayur/tus
har/Project/farmer-marketp
lace/client/node_modules/r
ollup/dist/es/shared/node-
entry.js:15070:39)
    at ReturnValueScope.fi
ndVariable (file:///C:/Use
rs/mayur/tushar/Project/fa
rmer-marketplace/client/no
de_modules/rollup/dist/es/
shared/node-entry.js:5673:
38)
    at FunctionBodyScope.f
indVariable (file:///C:/Us
ers/mayur/tushar/Project/f
armer-marketplace/client/n
ode_modules/rollup/dist/es
/shared/node-entry.js:5673
:38)
    at Identifier.bind (fi
le:///C:/Users/mayur/tusha
r/Project/farmer-marketpla
ce/client/node_modules/rol
lup/dist/es/shared/node-en
try.js:5447:40)
    at 
CallExpression.bind (file:
///C:/Users/mayur/tushar/P
roject/farmer-marketplace/
client/node_modules/rollup
/dist/es/shared/node-entry
.js:2825:28)
    at 
CallExpression.bind (file:
///C:/Users/mayur/tushar/P
roject/farmer-marketplace/
client/node_modules/rollup
/dist/es/shared/node-entry
.js:12179:15)[39m
